(program
  (let
    (rec)
    (datatypebind
      (datatype
        (tyvardecl MyEnum (type))

        MyEnum_match
        (vardecl Enum MyEnum) (vardecl Enum MyEnum)
      )
    )
    Enum
  )
)