(delay (lam case_True_3357 (lam case_False_3358 case_False_3358)))